------------------------------------------------------------
TimeQuest Timing Analyzer Summary
------------------------------------------------------------

Type  : Slow 1100mV 85C Model Setup 'clk'
Slack : -0.466
TNS   : -2.115

Type  : Slow 1100mV 85C Model Hold 'clk'
Slack : 0.434
TNS   : 0.000

Type  : Slow 1100mV 85C Model Minimum Pulse Width 'clk'
Slack : -0.724
TNS   : -5.537

Type  : Slow 1100mV 0C Model Setup 'clk'
Slack : -0.522
TNS   : -2.449

Type  : Slow 1100mV 0C Model Hold 'clk'
Slack : 0.413
TNS   : 0.000

Type  : Slow 1100mV 0C Model Minimum Pulse Width 'clk'
Slack : -0.724
TNS   : -5.567

Type  : Fast 1100mV 85C Model Setup 'clk'
Slack : 0.383
TNS   : 0.000

Type  : Fast 1100mV 85C Model Hold 'clk'
Slack : 0.184
TNS   : 0.000

Type  : Fast 1100mV 85C Model Minimum Pulse Width 'clk'
Slack : -0.084
TNS   : -0.415

Type  : Fast 1100mV 0C Model Setup 'clk'
Slack : 0.411
TNS   : 0.000

Type  : Fast 1100mV 0C Model Hold 'clk'
Slack : 0.171
TNS   : 0.000

Type  : Fast 1100mV 0C Model Minimum Pulse Width 'clk'
Slack : -0.084
TNS   : -0.414

------------------------------------------------------------
